using Compat
@compat Dict{Any,Any}(
    "path" => "/foo",
    "tiles" =>
        Any[Dict{Any,Any}(
            "path" => "/bar" )])
