using Datetime

{
    "canonical" => datetime(2001, 12, 15, 2,  59, 43, 100),
    "iso8601"   => datetime(2001, 12, 14, 21, 59, 43, 100),
    "spaced"    => datetime(2001, 12, 14, 21, 59, 43, 100),
    "date"      => date(2002, 12, 14)
}
