using Compat
@compat Dict{Any,Any}(
    nothing  => nothing,
    true     => "y",
    false    => "n",
    "string" => "12345"
)

