
using Dates

{{"Detroit Tigers", "Chicago cubs"} =>
    {Date(2001, 7, 23)},
 {"New York Yankees", "Atlanta Braves"} => {
        Date(2001, 7, 2),
        Date(2001, 8, 12),
        Date(2001, 8, 14)}}

