{
    "plain" => "This unquoted scalar\nspans many lines.",
    "quoted" => "So does this\nquoted scalar.\n"
}
