using Compat
@compat Dict{Any,Any}("hello"=>nothing)
